[2026-05-08 09:20:46] DELIVERED (MEDIUM): evt_20260502_214922_000 | The potential initial public offering of the National Stock 
[2026-05-08 09:20:46] DELIVERED (MEDIUM): evt_20260502_214923_003 | The National Stock Exchange has scheduled an Extraordinary G
[2026-05-08 09:20:46] DELIVERED (MEDIUM): evt_20260502_214924_006 | India Shelter Finance Corp reports a 27% increase in Q4 prof
[2026-05-08 09:20:46] DELIVERED (MEDIUM): evt_20260502_214925_007 | Several major Indian companies, including Jio, Zepto, and Ta
[2026-05-08 09:20:46] DELIVERED (MEDIUM): evt_20260502_214926_010 | The Indian stock market, including Nifty and Sensex, had its
[2026-05-08 09:20:46] DELIVERED (MEDIUM): evt_20260502_214927_011 | The Indian stock market declined significantly, with the Sen
[2026-05-08 09:20:46] DELIVERED (MEDIUM): evt_20260502_214927_012 | The Sensex shed 416 points due to concerns over US President
[2026-05-08 09:20:46] DELIVERED (MEDIUM): evt_20260502_214931_014 | The Indian stock market bounced back with the Sensex rising 
[2026-05-08 09:20:46] DELIVERED (MEDIUM): evt_20260502_214936_015 | The Indian stock market rebounded, snapping a three-day losi
[2026-05-08 09:20:46] DELIVERED (MEDIUM): evt_20260502_214941_016 | The Indian stock market experienced a decline for the third 
[2026-05-08 09:20:46] DELIVERED (MEDIUM): evt_20260502_215008_018 | The Indian stock market declined sharply as Brent crude pric
[2026-05-08 09:20:47] DELIVERED (MEDIUM): evt_20260502_215009_019 | The Indian stock market ended higher, with the Sensex rising
[2026-05-08 09:20:47] DELIVERED (MEDIUM): evt_20260502_215009_020 | The Reserve Bank of India's governor has announced that they
[2026-05-08 09:20:47] DELIVERED (MEDIUM): evt_20260502_215013_021 | The Reserve Bank of India's monetary policy and other econom
[2026-05-08 09:20:47] DELIVERED (MEDIUM): evt_20260502_215017_022 | The record low rupee may lead to a shift in the Reserve Bank
[2026-05-08 09:20:47] DELIVERED (MEDIUM): evt_20260502_215021_023 | The Reserve Bank of India has launched three key surveys to 
[2026-05-08 09:20:47] DELIVERED (MEDIUM): evt_20260502_215025_024 | The Reserve Bank of India has exempted small non-banking fin
[2026-05-08 09:20:47] DELIVERED (MEDIUM): evt_20260502_215029_025 | Rohit Jain's appointment as RBI deputy governor for a three-
[2026-05-08 09:20:47] DELIVERED (MEDIUM): evt_20260502_215033_026 | The Reserve Bank of India is expected to hold interest rates
[2026-05-08 09:20:47] DELIVERED (MEDIUM): evt_20260502_215039_027 | The Reserve Bank of India's Deputy Governor stated that macr
[2026-05-08 09:20:47] DELIVERED (MEDIUM): evt_20260502_215048_029 | Rohit Jain has been appointed as the Deputy Governor of the 
[2026-05-08 09:20:47] DELIVERED (MEDIUM): evt_20260508_091255_000 | The National Stock Exchange has launched electronic gold rec
[2026-05-08 09:20:47] DELIVERED (MEDIUM): evt_20260508_091256_001 | The National Stock Exchange of India has introduced a new wa
[2026-05-08 09:20:47] DELIVERED (MEDIUM): evt_20260508_091258_002 | The introduction of Electronic Gold Receipts by the National
[2026-05-08 09:20:47] DELIVERED (MEDIUM): evt_20260508_091301_003 | The RBI Monetary Policy Committee's decision to keep the rep
[2026-05-08 09:20:47] DELIVERED (MEDIUM): evt_20260508_091303_004 | Leaders in Karnataka are seeking intervention from the Reser
[2026-05-08 09:20:47] DELIVERED (MEDIUM): evt_20260508_091306_005 | The Reserve Bank of India is likely to hold interest rates i
[2026-05-08 09:20:47] DELIVERED (MEDIUM): evt_20260508_091308_006 | Oil prices have increased due to renewed hostilities between
[2026-05-08 09:20:47] DELIVERED (LOW): evt_20260508_091311_007 | The US military's retaliatory strikes against Iran may escal
[2026-05-08 09:20:47] DELIVERED (MEDIUM): evt_20260508_091313_008 | Iran's accusation of the US violating a ceasefire with new a
[2026-05-08 09:22:38] Briefing sent: 29 events
[2026-05-08 10:03:33] DELIVERED (MEDIUM): evt_20260508_100133_000 | Economists expect the Reserve Bank of India to maintain its 
[2026-05-08 10:14:21] DELIVERED (MEDIUM): evt_20260508_101219_000 | The UAE is countering an Iranian air attack, escalating tens
[2026-05-08 10:14:21] DELIVERED (MEDIUM): evt_20260508_101220_001 | Gold is on track for a weekly gain as markets focus on the p
[2026-05-08 10:17:06] Briefing sent: 3 events
